\BOOKMARK [0][-]{part.1}{\376\377\000I\000\040\000S\000i\000n\000g\000l\000e\000-\000A\000n\000s\000w\000e\000r\000\040\000Q\000u\000e\000s\000t\000i\000o\000n\000s}{}% 1
\BOOKMARK [1][-]{section.1}{\376\377\000N\000e\000t\000w\000o\000r\000k\000\040\000S\000e\000c\000u\000r\000i\000t\000y\000\040\000C\000o\000n\000c\000e\000p\000t\000s}{part.1}% 2
\BOOKMARK [1][-]{section.2}{\376\377\000N\000e\000t\000w\000o\000r\000k\000\040\000S\000e\000c\000u\000r\000i\000t\000y\000\040\000S\000t\000a\000n\000d\000a\000r\000d\000s}{part.1}% 3
\BOOKMARK [1][-]{section.3}{\376\377\000N\000e\000t\000w\000o\000r\000k\000\040\000F\000u\000n\000d\000a\000m\000e\000n\000t\000a\000l\000s}{part.1}% 4
\BOOKMARK [1][-]{section.4}{\376\377\000O\000S\000I\000\040\000a\000n\000d\000\040\000T\000C\000P\000/\000I\000P\000\040\000M\000o\000d\000e\000l\000s}{part.1}% 5
\BOOKMARK [1][-]{section.5}{\376\377\000N\000e\000t\000w\000o\000r\000k\000\040\000P\000r\000o\000t\000o\000c\000o\000l\000s}{part.1}% 6
\BOOKMARK [1][-]{section.6}{\376\377\000N\000e\000t\000w\000o\000r\000k\000\040\000D\000e\000v\000i\000c\000e\000s}{part.1}% 7
\BOOKMARK [1][-]{section.7}{\376\377\000E\000n\000t\000e\000r\000p\000r\000i\000s\000e\000\040\000S\000e\000c\000u\000r\000i\000t\000y\000\040\000T\000h\000r\000e\000a\000t\000s}{part.1}% 8
\BOOKMARK [1][-]{section.8}{\376\377\000C\000o\000m\000m\000u\000n\000i\000c\000a\000t\000i\000o\000n\000\040\000N\000e\000t\000w\000o\000r\000k\000\040\000S\000e\000c\000u\000r\000i\000t\000y}{part.1}% 9
\BOOKMARK [1][-]{section.9}{\376\377\000Z\000o\000n\000e\000\040\000B\000o\000r\000d\000e\000r\000\040\000S\000e\000c\000u\000r\000i\000t\000y}{part.1}% 10
\BOOKMARK [1][-]{section.10}{\376\377\000C\000o\000m\000p\000u\000t\000i\000n\000g\000\040\000E\000n\000v\000i\000r\000o\000n\000m\000e\000n\000t\000\040\000S\000e\000c\000u\000r\000i\000t\000y}{part.1}% 11
\BOOKMARK [1][-]{section.11}{\376\377\000F\000i\000r\000e\000w\000a\000l\000l\000\040\000B\000a\000s\000i\000c\000s}{part.1}% 12
\BOOKMARK [1][-]{section.12}{\376\377\000S\000e\000c\000u\000r\000i\000t\000y\000\040\000Z\000o\000n\000e\000s}{part.1}% 13
\BOOKMARK [1][-]{section.13}{\376\377\000S\000e\000c\000u\000r\000i\000t\000y\000\040\000P\000o\000l\000i\000c\000i\000e\000s}{part.1}% 14
\BOOKMARK [1][-]{section.14}{\376\377\000S\000t\000a\000t\000e\000f\000u\000l\000\040\000I\000n\000s\000p\000e\000c\000t\000i\000o\000n}{part.1}% 15
\BOOKMARK [1][-]{section.15}{\376\377\000A\000S\000P\000F}{part.1}% 16
\BOOKMARK [1][-]{section.16}{\376\377\000N\000A\000T}{part.1}% 17
\BOOKMARK [1][-]{section.17}{\376\377\000N\000A\000T\000\040\000B\000a\000s\000i\000c\000s}{part.1}% 18
\BOOKMARK [1][-]{section.18}{\376\377\000S\000o\000u\000r\000c\000e\000\040\000N\000A\000T}{part.1}% 19
\BOOKMARK [1][-]{section.19}{\376\377\000D\000e\000s\000t\000i\000n\000a\000t\000i\000o\000n\000\040\000N\000A\000T}{part.1}% 20
\BOOKMARK [1][-]{section.20}{\376\377\000N\000A\000T\000\040\000S\000e\000r\000v\000e\000r}{part.1}% 21
\BOOKMARK [1][-]{section.21}{\376\377\000N\000A\000T\000\040\000A\000L\000G}{part.1}% 22
\BOOKMARK [1][-]{section.22}{\376\377\000F\000i\000r\000e\000w\000a\000l\000l\000\040\000H\000o\000t\000\040\000S\000t\000a\000n\000d\000b\000y}{part.1}% 23
\BOOKMARK [1][-]{section.23}{\376\377\000V\000R\000R\000P}{part.1}% 24
\BOOKMARK [1][-]{section.24}{\376\377\000V\000G\000M\000P}{part.1}% 25
\BOOKMARK [1][-]{section.25}{\376\377\000H\000R\000P}{part.1}% 26
\BOOKMARK [1][-]{section.26}{\376\377\000I\000n\000t\000r\000u\000s\000i\000o\000n\000\040\000P\000r\000e\000v\000e\000n\000t\000i\000o\000n\000\040\000a\000n\000d\000\040\000A\000n\000t\000i\000v\000i\000r\000u\000s}{part.1}% 27
\BOOKMARK [1][-]{section.27}{\376\377\000I\000n\000t\000r\000u\000s\000i\000o\000n\000\040\000O\000v\000e\000r\000v\000i\000e\000w}{part.1}% 28
\BOOKMARK [1][-]{section.28}{\376\377\000I\000n\000t\000r\000u\000s\000i\000o\000n\000\040\000P\000r\000e\000v\000e\000n\000t\000i\000o\000n}{part.1}% 29
\BOOKMARK [1][-]{section.29}{\376\377\000A\000n\000t\000i\000v\000i\000r\000u\000s}{part.1}% 30
\BOOKMARK [1][-]{section.30}{\376\377\000A\000A\000A\000\040\000a\000n\000d\000\040\000U\000s\000e\000r\000\040\000A\000u\000t\000h\000e\000n\000t\000i\000c\000a\000t\000i\000o\000n}{part.1}% 31
\BOOKMARK [1][-]{section.31}{\376\377\000A\000A\000A\000\040\000B\000a\000s\000i\000c\000s}{part.1}% 32
\BOOKMARK [1][-]{section.32}{\376\377\000F\000i\000r\000e\000w\000a\000l\000l\000\040\000U\000s\000e\000r\000\040\000A\000u\000t\000h\000e\000n\000t\000i\000c\000a\000t\000i\000o\000n}{part.1}% 33
\BOOKMARK [1][-]{section.33}{\376\377\000C\000r\000y\000p\000t\000o\000g\000r\000a\000p\000h\000y\000\040\000a\000n\000d\000\040\000P\000K\000I}{part.1}% 34
\BOOKMARK [1][-]{section.34}{\376\377\000C\000r\000y\000p\000t\000o\000g\000r\000a\000p\000h\000y\000\040\000B\000a\000s\000i\000c\000s}{part.1}% 35
\BOOKMARK [1][-]{section.35}{\376\377\000H\000a\000s\000h\000\040\000A\000l\000g\000o\000r\000i\000t\000h\000m\000s}{part.1}% 36
\BOOKMARK [1][-]{section.36}{\376\377\000D\000i\000g\000i\000t\000a\000l\000\040\000S\000i\000g\000n\000a\000t\000u\000r\000e\000s}{part.1}% 37
\BOOKMARK [1][-]{section.37}{\376\377\000P\000K\000I}{part.1}% 38
\BOOKMARK [1][-]{section.38}{\376\377\000V\000P\000N}{part.1}% 39
\BOOKMARK [1][-]{section.39}{\376\377\000V\000P\000N\000\040\000O\000v\000e\000r\000v\000i\000e\000w}{part.1}% 40
\BOOKMARK [1][-]{section.40}{\376\377\000G\000R\000E\000\040\000V\000P\000N}{part.1}% 41
\BOOKMARK [1][-]{section.41}{\376\377\000I\000P\000s\000e\000c\000\040\000V\000P\000N}{part.1}% 42
\BOOKMARK [1][-]{section.42}{\376\377\000L\0002\000T\000P\000\040\000V\000P\000N}{part.1}% 43
\BOOKMARK [1][-]{section.43}{\376\377\000S\000S\000L\000\040\000V\000P\000N}{part.1}% 44
\BOOKMARK [0][-]{part.2}{\376\377\000I\000I\000\040\000M\000u\000l\000t\000i\000p\000l\000e\000-\000A\000n\000s\000w\000e\000r\000\040\000Q\000u\000e\000s\000t\000i\000o\000n\000s}{}% 45
\BOOKMARK [1][-]{section.44}{\376\377\000N\000e\000t\000w\000o\000r\000k\000\040\000S\000e\000c\000u\000r\000i\000t\000y\000\040\000C\000o\000n\000c\000e\000p\000t\000s}{part.2}% 46
\BOOKMARK [1][-]{section.45}{\376\377\000N\000e\000t\000w\000o\000r\000k\000\040\000S\000e\000c\000u\000r\000i\000t\000y\000\040\000S\000t\000a\000n\000d\000a\000r\000d\000s}{part.2}% 47
\BOOKMARK [1][-]{section.46}{\376\377\000N\000e\000t\000w\000o\000r\000k\000\040\000F\000u\000n\000d\000a\000m\000e\000n\000t\000a\000l\000s}{part.2}% 48
\BOOKMARK [1][-]{section.47}{\376\377\000O\000S\000I\000\040\000a\000n\000d\000\040\000T\000C\000P\000/\000I\000P\000\040\000M\000o\000d\000e\000l\000s}{part.2}% 49
\BOOKMARK [1][-]{section.48}{\376\377\000N\000e\000t\000w\000o\000r\000k\000\040\000P\000r\000o\000t\000o\000c\000o\000l\000s}{part.2}% 50
\BOOKMARK [1][-]{section.49}{\376\377\000N\000e\000t\000w\000o\000r\000k\000\040\000D\000e\000v\000i\000c\000e\000s}{part.2}% 51
\BOOKMARK [1][-]{section.50}{\376\377\000E\000n\000t\000e\000r\000p\000r\000i\000s\000e\000\040\000S\000e\000c\000u\000r\000i\000t\000y\000\040\000T\000h\000r\000e\000a\000t\000s}{part.2}% 52
\BOOKMARK [1][-]{section.51}{\376\377\000Z\000o\000n\000e\000\040\000B\000o\000r\000d\000e\000r\000\040\000S\000e\000c\000u\000r\000i\000t\000y}{part.2}% 53
\BOOKMARK [1][-]{section.52}{\376\377\000F\000i\000r\000e\000w\000a\000l\000l\000\040\000B\000a\000s\000i\000c\000s}{part.2}% 54
\BOOKMARK [1][-]{section.53}{\376\377\000S\000e\000c\000u\000r\000i\000t\000y\000\040\000Z\000o\000n\000e\000s}{part.2}% 55
\BOOKMARK [1][-]{section.54}{\376\377\000S\000e\000c\000u\000r\000i\000t\000y\000\040\000P\000o\000l\000i\000c\000i\000e\000s}{part.2}% 56
\BOOKMARK [1][-]{section.55}{\376\377\000S\000t\000a\000t\000e\000f\000u\000l\000\040\000I\000n\000s\000p\000e\000c\000t\000i\000o\000n}{part.2}% 57
\BOOKMARK [1][-]{section.56}{\376\377\000N\000A\000T}{part.2}% 58
\BOOKMARK [1][-]{section.57}{\376\377\000N\000A\000T\000\040\000B\000a\000s\000i\000c\000s}{part.2}% 59
\BOOKMARK [1][-]{section.58}{\376\377\000S\000o\000u\000r\000c\000e\000\040\000N\000A\000T}{part.2}% 60
\BOOKMARK [1][-]{section.59}{\376\377\000N\000A\000T\000\040\000A\000L\000G}{part.2}% 61
\BOOKMARK [1][-]{section.60}{\376\377\000F\000i\000r\000e\000w\000a\000l\000l\000\040\000H\000o\000t\000\040\000S\000t\000a\000n\000d\000b\000y}{part.2}% 62
\BOOKMARK [1][-]{section.61}{\376\377\000V\000R\000R\000P}{part.2}% 63
\BOOKMARK [1][-]{section.62}{\376\377\000H\000R\000P}{part.2}% 64
\BOOKMARK [1][-]{section.63}{\376\377\000I\000n\000t\000r\000u\000s\000i\000o\000n\000\040\000P\000r\000e\000v\000e\000n\000t\000i\000o\000n\000\040\000a\000n\000d\000\040\000A\000n\000t\000i\000v\000i\000r\000u\000s}{part.2}% 65
\BOOKMARK [1][-]{section.64}{\376\377\000I\000n\000t\000r\000u\000s\000i\000o\000n\000\040\000P\000r\000e\000v\000e\000n\000t\000i\000o\000n}{part.2}% 66
\BOOKMARK [1][-]{section.65}{\376\377\000A\000n\000t\000i\000v\000i\000r\000u\000s}{part.2}% 67
\BOOKMARK [1][-]{section.66}{\376\377\000A\000A\000A\000\040\000a\000n\000d\000\040\000U\000s\000e\000r\000\040\000A\000u\000t\000h\000e\000n\000t\000i\000c\000a\000t\000i\000o\000n}{part.2}% 68
\BOOKMARK [1][-]{section.67}{\376\377\000A\000A\000A\000\040\000B\000a\000s\000i\000c\000s}{part.2}% 69
\BOOKMARK [1][-]{section.68}{\376\377\000F\000i\000r\000e\000w\000a\000l\000l\000\040\000U\000s\000e\000r\000\040\000A\000u\000t\000h\000e\000n\000t\000i\000c\000a\000t\000i\000o\000n}{part.2}% 70
\BOOKMARK [1][-]{section.69}{\376\377\000C\000r\000y\000p\000t\000o\000g\000r\000a\000p\000h\000y\000\040\000a\000n\000d\000\040\000P\000K\000I}{part.2}% 71
\BOOKMARK [1][-]{section.70}{\376\377\000C\000r\000y\000p\000t\000o\000g\000r\000a\000p\000h\000y\000\040\000B\000a\000s\000i\000c\000s}{part.2}% 72
\BOOKMARK [1][-]{section.71}{\376\377\000P\000K\000I}{part.2}% 73
\BOOKMARK [1][-]{section.72}{\376\377\000V\000P\000N}{part.2}% 74
\BOOKMARK [1][-]{section.73}{\376\377\000V\000P\000N\000\040\000O\000v\000e\000r\000v\000i\000e\000w}{part.2}% 75
\BOOKMARK [1][-]{section.74}{\376\377\000I\000P\000s\000e\000c\000\040\000V\000P\000N}{part.2}% 76
\BOOKMARK [1][-]{section.75}{\376\377\000S\000S\000L\000\040\000V\000P\000N}{part.2}% 77
\BOOKMARK [0][-]{part.3}{\376\377\000I\000I\000I\000\040\000T\000r\000u\000e\000\040\000/\000\040\000F\000a\000l\000s\000e\000\040\000Q\000u\000e\000s\000t\000i\000o\000n\000s}{}% 78
\BOOKMARK [1][-]{section.76}{\376\377\000N\000e\000t\000w\000o\000r\000k\000\040\000S\000e\000c\000u\000r\000i\000t\000y\000\040\000C\000o\000n\000c\000e\000p\000t\000s}{part.3}% 79
\BOOKMARK [1][-]{section.77}{\376\377\000N\000e\000t\000w\000o\000r\000k\000\040\000S\000e\000c\000u\000r\000i\000t\000y\000\040\000S\000t\000a\000n\000d\000a\000r\000d\000s}{part.3}% 80
\BOOKMARK [1][-]{section.78}{\376\377\000N\000e\000t\000w\000o\000r\000k\000\040\000F\000u\000n\000d\000a\000m\000e\000n\000t\000a\000l\000s}{part.3}% 81
\BOOKMARK [1][-]{section.79}{\376\377\000O\000S\000I\000\040\000a\000n\000d\000\040\000T\000C\000P\000/\000I\000P\000\040\000M\000o\000d\000e\000l\000s}{part.3}% 82
\BOOKMARK [1][-]{section.80}{\376\377\000N\000e\000t\000w\000o\000r\000k\000\040\000P\000r\000o\000t\000o\000c\000o\000l\000s}{part.3}% 83
\BOOKMARK [1][-]{section.81}{\376\377\000N\000e\000t\000w\000o\000r\000k\000\040\000D\000e\000v\000i\000c\000e\000s}{part.3}% 84
\BOOKMARK [1][-]{section.82}{\376\377\000E\000n\000t\000e\000r\000p\000r\000i\000s\000e\000\040\000S\000e\000c\000u\000r\000i\000t\000y\000\040\000T\000h\000r\000e\000a\000t\000s}{part.3}% 85
\BOOKMARK [1][-]{section.83}{\376\377\000C\000o\000m\000m\000u\000n\000i\000c\000a\000t\000i\000o\000n\000\040\000N\000e\000t\000w\000o\000r\000k\000\040\000S\000e\000c\000u\000r\000i\000t\000y}{part.3}% 86
\BOOKMARK [1][-]{section.84}{\376\377\000Z\000o\000n\000e\000\040\000B\000o\000r\000d\000e\000r\000\040\000S\000e\000c\000u\000r\000i\000t\000y}{part.3}% 87
\BOOKMARK [1][-]{section.85}{\376\377\000F\000i\000r\000e\000w\000a\000l\000l\000\040\000B\000a\000s\000i\000c\000s}{part.3}% 88
\BOOKMARK [1][-]{section.86}{\376\377\000S\000e\000c\000u\000r\000i\000t\000y\000\040\000Z\000o\000n\000e\000s}{part.3}% 89
\BOOKMARK [1][-]{section.87}{\376\377\000S\000e\000c\000u\000r\000i\000t\000y\000\040\000P\000o\000l\000i\000c\000i\000e\000s}{part.3}% 90
\BOOKMARK [1][-]{section.88}{\376\377\000S\000t\000a\000t\000e\000f\000u\000l\000\040\000I\000n\000s\000p\000e\000c\000t\000i\000o\000n}{part.3}% 91
\BOOKMARK [1][-]{section.89}{\376\377\000A\000S\000P\000F}{part.3}% 92
\BOOKMARK [1][-]{section.90}{\376\377\000N\000A\000T}{part.3}% 93
\BOOKMARK [1][-]{section.91}{\376\377\000N\000A\000T\000\040\000B\000a\000s\000i\000c\000s}{part.3}% 94
\BOOKMARK [1][-]{section.92}{\376\377\000S\000o\000u\000r\000c\000e\000\040\000N\000A\000T}{part.3}% 95
\BOOKMARK [1][-]{section.93}{\376\377\000D\000e\000s\000t\000i\000n\000a\000t\000i\000o\000n\000\040\000N\000A\000T}{part.3}% 96
\BOOKMARK [1][-]{section.94}{\376\377\000N\000A\000T\000\040\000S\000e\000r\000v\000e\000r}{part.3}% 97
\BOOKMARK [1][-]{section.95}{\376\377\000N\000A\000T\000\040\000A\000L\000G}{part.3}% 98
\BOOKMARK [1][-]{section.96}{\376\377\000F\000i\000r\000e\000w\000a\000l\000l\000\040\000H\000o\000t\000\040\000S\000t\000a\000n\000d\000b\000y}{part.3}% 99
\BOOKMARK [1][-]{section.97}{\376\377\000V\000R\000R\000P}{part.3}% 100
\BOOKMARK [1][-]{section.98}{\376\377\000V\000G\000M\000P}{part.3}% 101
\BOOKMARK [1][-]{section.99}{\376\377\000H\000R\000P}{part.3}% 102
\BOOKMARK [1][-]{section.100}{\376\377\000I\000n\000t\000r\000u\000s\000i\000o\000n\000\040\000P\000r\000e\000v\000e\000n\000t\000i\000o\000n\000\040\000a\000n\000d\000\040\000A\000n\000t\000i\000v\000i\000r\000u\000s}{part.3}% 103
\BOOKMARK [1][-]{section.101}{\376\377\000I\000n\000t\000r\000u\000s\000i\000o\000n\000\040\000P\000r\000e\000v\000e\000n\000t\000i\000o\000n}{part.3}% 104
\BOOKMARK [1][-]{section.102}{\376\377\000A\000n\000t\000i\000v\000i\000r\000u\000s}{part.3}% 105
\BOOKMARK [1][-]{section.103}{\376\377\000A\000A\000A\000\040\000a\000n\000d\000\040\000U\000s\000e\000r\000\040\000A\000u\000t\000h\000e\000n\000t\000i\000c\000a\000t\000i\000o\000n}{part.3}% 106
\BOOKMARK [1][-]{section.104}{\376\377\000A\000A\000A\000\040\000B\000a\000s\000i\000c\000s}{part.3}% 107
\BOOKMARK [1][-]{section.105}{\376\377\000F\000i\000r\000e\000w\000a\000l\000l\000\040\000U\000s\000e\000r\000\040\000A\000u\000t\000h\000e\000n\000t\000i\000c\000a\000t\000i\000o\000n}{part.3}% 108
\BOOKMARK [1][-]{section.106}{\376\377\000C\000r\000y\000p\000t\000o\000g\000r\000a\000p\000h\000y\000\040\000a\000n\000d\000\040\000P\000K\000I}{part.3}% 109
\BOOKMARK [1][-]{section.107}{\376\377\000C\000r\000y\000p\000t\000o\000g\000r\000a\000p\000h\000y\000\040\000B\000a\000s\000i\000c\000s}{part.3}% 110
\BOOKMARK [1][-]{section.108}{\376\377\000H\000a\000s\000h\000\040\000A\000l\000g\000o\000r\000i\000t\000h\000m\000s}{part.3}% 111
\BOOKMARK [1][-]{section.109}{\376\377\000P\000K\000I}{part.3}% 112
\BOOKMARK [1][-]{section.110}{\376\377\000V\000P\000N}{part.3}% 113
\BOOKMARK [1][-]{section.111}{\376\377\000G\000R\000E\000\040\000V\000P\000N}{part.3}% 114
\BOOKMARK [1][-]{section.112}{\376\377\000I\000P\000s\000e\000c\000\040\000V\000P\000N}{part.3}% 115
\BOOKMARK [1][-]{section.113}{\376\377\000L\0002\000T\000P\000\040\000V\000P\000N}{part.3}% 116
\BOOKMARK [1][-]{section.114}{\376\377\000S\000S\000L\000\040\000V\000P\000N}{part.3}% 117
