\BOOKMARK [1][-]{section*.1}{\376\377\000H\000C\000I\000A\000-\000S\000e\000c\000u\000r\000i\000t\000y\000\040\000V\0003\000.\0000\000\040\000E\000x\000a\000m\000\040\000B\000l\000u\000e\000p\000r\000i\000n\000t\000\040\000\046\000\040\000Q\000u\000e\000s\000t\000i\000o\000n\000\040\000D\000i\000s\000t\000r\000i\000b\000u\000t\000i\000o\000n}{}% 1
\BOOKMARK [0][-]{part.1}{\376\377\000I\000\040\000S\000i\000n\000g\000l\000e\000-\000A\000n\000s\000w\000e\000r\000\040\000Q\000u\000e\000s\000t\000i\000o\000n\000s\000\040\000\050\000Q\0001\000\040\040\023\000\040\000Q\0004\0002\0000\000\051}{}% 2
\BOOKMARK [1][-]{section.1}{\376\377\000C\000h\000a\000p\000t\000e\000r\000\040\0001\000:\000\040\000N\000e\000t\000w\000o\000r\000k\000\040\000S\000e\000c\000u\000r\000i\000t\000y\000\040\000C\000o\000n\000c\000e\000p\000t\000s\000\040\000a\000n\000d\000\040\000S\000p\000e\000c\000i\000f\000i\000c\000a\000t\000i\000o\000n\000s}{part.1}% 3
\BOOKMARK [1][-]{section.2}{\376\377\000C\000h\000a\000p\000t\000e\000r\000\040\0002\000:\000\040\000N\000e\000t\000w\000o\000r\000k\000\040\000B\000a\000s\000i\000c\000s}{part.1}% 4
\BOOKMARK [1][-]{section.3}{\376\377\000C\000h\000a\000p\000t\000e\000r\000\040\0003\000:\000\040\000C\000o\000m\000m\000o\000n\000\040\000N\000e\000t\000w\000o\000r\000k\000\040\000S\000e\000c\000u\000r\000i\000t\000y\000\040\000T\000h\000r\000e\000a\000t\000s\000\040\000a\000n\000d\000\040\000T\000h\000r\000e\000a\000t\000\040\000P\000r\000e\000v\000e\000n\000t\000i\000o\000n}{part.1}% 5
\BOOKMARK [1][-]{section.4}{\376\377\000C\000h\000a\000p\000t\000e\000r\000\040\0004\000:\000\040\000F\000i\000r\000e\000w\000a\000l\000l\000\040\000S\000e\000c\000u\000r\000i\000t\000y\000\040\000P\000o\000l\000i\000c\000i\000e\000s}{part.1}% 6
\BOOKMARK [1][-]{section.5}{\376\377\000C\000h\000a\000p\000t\000e\000r\000\040\0005\000:\000\040\000F\000i\000r\000e\000w\000a\000l\000l\000\040\000N\000A\000T\000\040\000T\000e\000c\000h\000n\000o\000l\000o\000g\000i\000e\000s}{part.1}% 7
\BOOKMARK [1][-]{section.6}{\376\377\000C\000h\000a\000p\000t\000e\000r\000\040\0006\000:\000\040\000F\000i\000r\000e\000w\000a\000l\000l\000\040\000H\000o\000t\000\040\000S\000t\000a\000n\000d\000b\000y\000\040\000T\000e\000c\000h\000n\000o\000l\000o\000g\000i\000e\000s}{part.1}% 8
\BOOKMARK [1][-]{section.7}{\376\377\000C\000h\000a\000p\000t\000e\000r\000\040\0007\000:\000\040\000F\000i\000r\000e\000w\000a\000l\000l\000\040\000I\000P\000S}{part.1}% 9
\BOOKMARK [1][-]{section.8}{\376\377\000C\000h\000a\000p\000t\000e\000r\000\040\0008\000:\000\040\000F\000i\000r\000e\000w\000a\000l\000l\000\040\000U\000s\000e\000r\000\040\000M\000a\000n\000a\000g\000e\000m\000e\000n\000t\000\040\000T\000e\000c\000h\000n\000o\000l\000o\000g\000i\000e\000s}{part.1}% 10
\BOOKMARK [1][-]{section.9}{\376\377\000C\000h\000a\000p\000t\000e\000r\000\040\0009\000:\000\040\000F\000u\000n\000d\000a\000m\000e\000n\000t\000a\000l\000s\000\040\000o\000f\000\040\000E\000n\000c\000r\000y\000p\000t\000i\000o\000n\000\040\000a\000n\000d\000\040\000D\000e\000c\000r\000y\000p\000t\000i\000o\000n\000\040\000T\000e\000c\000h\000n\000o\000l\000o\000g\000i\000e\000s}{part.1}% 11
\BOOKMARK [1][-]{section.10}{\376\377\000C\000h\000a\000p\000t\000e\000r\000\040\0001\0000\000:\000\040\000P\000K\000I\000\040\000C\000e\000r\000t\000i\000f\000i\000c\000a\000t\000e\000\040\000S\000y\000s\000t\000e\000m}{part.1}% 12
\BOOKMARK [1][-]{section.11}{\376\377\000C\000h\000a\000p\000t\000e\000r\000\040\0001\0001\000:\000\040\000E\000n\000c\000r\000y\000p\000t\000i\000o\000n\000\040\000T\000e\000c\000h\000n\000o\000l\000o\000g\000y\000\040\000A\000p\000p\000l\000i\000c\000a\000t\000i\000o\000n\000s\000\040\000\050\000I\000P\000s\000e\000c\000\040\000\046\000\040\000S\000S\000L\000\040\000V\000P\000N\000\051}{part.1}% 13
\BOOKMARK [0][-]{part.2}{\376\377\000I\000I\000\040\000M\000u\000l\000t\000i\000p\000l\000e\000-\000A\000n\000s\000w\000e\000r\000\040\000Q\000u\000e\000s\000t\000i\000o\000n\000s\000\040\000\050\000Q\0004\0002\0001\000\040\040\023\000\040\000Q\0007\0004\0000\000\051}{}% 14
\BOOKMARK [1][-]{section.12}{\376\377\000C\000h\000a\000p\000t\000e\000r\000\040\0001\000:\000\040\000N\000e\000t\000w\000o\000r\000k\000\040\000S\000e\000c\000u\000r\000i\000t\000y\000\040\000C\000o\000n\000c\000e\000p\000t\000s\000\040\000a\000n\000d\000\040\000S\000p\000e\000c\000i\000f\000i\000c\000a\000t\000i\000o\000n\000s}{part.2}% 15
\BOOKMARK [1][-]{section.13}{\376\377\000C\000h\000a\000p\000t\000e\000r\000\040\0002\000:\000\040\000N\000e\000t\000w\000o\000r\000k\000\040\000B\000a\000s\000i\000c\000s}{part.2}% 16
\BOOKMARK [1][-]{section.14}{\376\377\000C\000h\000a\000p\000t\000e\000r\000\040\0003\000:\000\040\000C\000o\000m\000m\000o\000n\000\040\000N\000e\000t\000w\000o\000r\000k\000\040\000S\000e\000c\000u\000r\000i\000t\000y\000\040\000T\000h\000r\000e\000a\000t\000s\000\040\000a\000n\000d\000\040\000T\000h\000r\000e\000a\000t\000\040\000P\000r\000e\000v\000e\000n\000t\000i\000o\000n}{part.2}% 17
\BOOKMARK [1][-]{section.15}{\376\377\000C\000h\000a\000p\000t\000e\000r\000\040\0004\000:\000\040\000F\000i\000r\000e\000w\000a\000l\000l\000\040\000S\000e\000c\000u\000r\000i\000t\000y\000\040\000P\000o\000l\000i\000c\000i\000e\000s}{part.2}% 18
\BOOKMARK [1][-]{section.16}{\376\377\000C\000h\000a\000p\000t\000e\000r\000\040\0005\000:\000\040\000F\000i\000r\000e\000w\000a\000l\000l\000\040\000N\000A\000T\000\040\000T\000e\000c\000h\000n\000o\000l\000o\000g\000i\000e\000s}{part.2}% 19
\BOOKMARK [1][-]{section.17}{\376\377\000C\000h\000a\000p\000t\000e\000r\000\040\0006\000:\000\040\000F\000i\000r\000e\000w\000a\000l\000l\000\040\000H\000o\000t\000\040\000S\000t\000a\000n\000d\000b\000y\000\040\000T\000e\000c\000h\000n\000o\000l\000o\000g\000i\000e\000s}{part.2}% 20
\BOOKMARK [1][-]{section.18}{\376\377\000C\000h\000a\000p\000t\000e\000r\000\040\0007\000:\000\040\000F\000i\000r\000e\000w\000a\000l\000l\000\040\000I\000P\000S}{part.2}% 21
\BOOKMARK [1][-]{section.19}{\376\377\000C\000h\000a\000p\000t\000e\000r\000\040\0008\000:\000\040\000F\000i\000r\000e\000w\000a\000l\000l\000\040\000U\000s\000e\000r\000\040\000M\000a\000n\000a\000g\000e\000m\000e\000n\000t\000\040\000T\000e\000c\000h\000n\000o\000l\000o\000g\000i\000e\000s}{part.2}% 22
\BOOKMARK [1][-]{section.20}{\376\377\000C\000h\000a\000p\000t\000e\000r\000\040\0009\000:\000\040\000F\000u\000n\000d\000a\000m\000e\000n\000t\000a\000l\000s\000\040\000o\000f\000\040\000E\000n\000c\000r\000y\000p\000t\000i\000o\000n\000\040\000a\000n\000d\000\040\000D\000e\000c\000r\000y\000p\000t\000i\000o\000n\000\040\000T\000e\000c\000h\000n\000o\000l\000o\000g\000i\000e\000s}{part.2}% 23
\BOOKMARK [1][-]{section.21}{\376\377\000C\000h\000a\000p\000t\000e\000r\000\040\0001\0000\000:\000\040\000P\000K\000I\000\040\000C\000e\000r\000t\000i\000f\000i\000c\000a\000t\000e\000\040\000S\000y\000s\000t\000e\000m}{part.2}% 24
\BOOKMARK [1][-]{section.22}{\376\377\000C\000h\000a\000p\000t\000e\000r\000\040\0001\0001\000:\000\040\000E\000n\000c\000r\000y\000p\000t\000i\000o\000n\000\040\000T\000e\000c\000h\000n\000o\000l\000o\000g\000y\000\040\000A\000p\000p\000l\000i\000c\000a\000t\000i\000o\000n\000s\000\040\000\050\000I\000P\000s\000e\000c\000\040\000\046\000\040\000S\000S\000L\000\040\000V\000P\000N\000\051}{part.2}% 25
\BOOKMARK [0][-]{part.3}{\376\377\000I\000I\000I\000\040\000T\000r\000u\000e\000\040\000/\000\040\000F\000a\000l\000s\000e\000\040\000Q\000u\000e\000s\000t\000i\000o\000n\000s\000\040\000\050\000Q\0007\0004\0001\000\040\040\023\000\040\000Q\0001\0000\0005\0000\000\051}{}% 26
\BOOKMARK [1][-]{section.23}{\376\377\000C\000h\000a\000p\000t\000e\000r\000\040\0001\000:\000\040\000N\000e\000t\000w\000o\000r\000k\000\040\000S\000e\000c\000u\000r\000i\000t\000y\000\040\000C\000o\000n\000c\000e\000p\000t\000s\000\040\000a\000n\000d\000\040\000S\000p\000e\000c\000i\000f\000i\000c\000a\000t\000i\000o\000n\000s}{part.3}% 27
\BOOKMARK [1][-]{section.24}{\376\377\000C\000h\000a\000p\000t\000e\000r\000\040\0002\000:\000\040\000N\000e\000t\000w\000o\000r\000k\000\040\000B\000a\000s\000i\000c\000s}{part.3}% 28
\BOOKMARK [1][-]{section.25}{\376\377\000C\000h\000a\000p\000t\000e\000r\000\040\0003\000:\000\040\000C\000o\000m\000m\000o\000n\000\040\000N\000e\000t\000w\000o\000r\000k\000\040\000S\000e\000c\000u\000r\000i\000t\000y\000\040\000T\000h\000r\000e\000a\000t\000s\000\040\000a\000n\000d\000\040\000T\000h\000r\000e\000a\000t\000\040\000P\000r\000e\000v\000e\000n\000t\000i\000o\000n}{part.3}% 29
\BOOKMARK [1][-]{section.26}{\376\377\000C\000h\000a\000p\000t\000e\000r\000\040\0004\000:\000\040\000F\000i\000r\000e\000w\000a\000l\000l\000\040\000S\000e\000c\000u\000r\000i\000t\000y\000\040\000P\000o\000l\000i\000c\000i\000e\000s}{part.3}% 30
\BOOKMARK [1][-]{section.27}{\376\377\000C\000h\000a\000p\000t\000e\000r\000\040\0005\000:\000\040\000F\000i\000r\000e\000w\000a\000l\000l\000\040\000N\000A\000T\000\040\000T\000e\000c\000h\000n\000o\000l\000o\000g\000i\000e\000s}{part.3}% 31
\BOOKMARK [1][-]{section.28}{\376\377\000C\000h\000a\000p\000t\000e\000r\000\040\0006\000:\000\040\000F\000i\000r\000e\000w\000a\000l\000l\000\040\000H\000o\000t\000\040\000S\000t\000a\000n\000d\000b\000y\000\040\000T\000e\000c\000h\000n\000o\000l\000o\000g\000i\000e\000s}{part.3}% 32
\BOOKMARK [1][-]{section.29}{\376\377\000C\000h\000a\000p\000t\000e\000r\000\040\0007\000:\000\040\000F\000i\000r\000e\000w\000a\000l\000l\000\040\000I\000P\000S}{part.3}% 33
\BOOKMARK [1][-]{section.30}{\376\377\000C\000h\000a\000p\000t\000e\000r\000\040\0008\000:\000\040\000F\000i\000r\000e\000w\000a\000l\000l\000\040\000U\000s\000e\000r\000\040\000M\000a\000n\000a\000g\000e\000m\000e\000n\000t\000\040\000T\000e\000c\000h\000n\000o\000l\000o\000g\000i\000e\000s}{part.3}% 34
\BOOKMARK [1][-]{section.31}{\376\377\000C\000h\000a\000p\000t\000e\000r\000\040\0009\000:\000\040\000F\000u\000n\000d\000a\000m\000e\000n\000t\000a\000l\000s\000\040\000o\000f\000\040\000E\000n\000c\000r\000y\000p\000t\000i\000o\000n\000\040\000a\000n\000d\000\040\000D\000e\000c\000r\000y\000p\000t\000i\000o\000n\000\040\000T\000e\000c\000h\000n\000o\000l\000o\000g\000i\000e\000s}{part.3}% 35
\BOOKMARK [1][-]{section.32}{\376\377\000C\000h\000a\000p\000t\000e\000r\000\040\0001\0000\000:\000\040\000P\000K\000I\000\040\000C\000e\000r\000t\000i\000f\000i\000c\000a\000t\000e\000\040\000S\000y\000s\000t\000e\000m}{part.3}% 36
\BOOKMARK [1][-]{section.33}{\376\377\000C\000h\000a\000p\000t\000e\000r\000\040\0001\0001\000:\000\040\000E\000n\000c\000r\000y\000p\000t\000i\000o\000n\000\040\000T\000e\000c\000h\000n\000o\000l\000o\000g\000y\000\040\000A\000p\000p\000l\000i\000c\000a\000t\000i\000o\000n\000s\000\040\000\050\000I\000P\000s\000e\000c\000\040\000\046\000\040\000S\000S\000L\000\040\000V\000P\000N\000\051}{part.3}% 37
\BOOKMARK [0][-]{part.4}{\376\377\000I\000V\000\040\000C\000o\000m\000p\000l\000e\000t\000e\000\040\000A\000n\000s\000w\000e\000r\000\040\000K\000e\000y\000\040\000\046\000\040\000Q\000u\000i\000c\000k\000\040\000R\000e\000f\000e\000r\000e\000n\000c\000e}{}% 38
